22:03:35 **** Incremental Build of configuration Debug for project 000_GPIO_CM4 ****
make -j12 all 
arm-none-eabi-gcc "../Core/Src/main.c" -mcpu=cortex-m4 -std=gnu11 -g3 -DDEBUG -DCORE_CM4 -DUSE_HAL_DRIVER -DSTM32H745xx -c -I../Core/Inc -I../../Drivers/STM32H7xx_HAL_Driver/Inc -I../../Drivers/STM32H7xx_HAL_Driver/Inc/Legacy -I../../Drivers/CMSIS/Device/ST/STM32H7xx/Include -I../../Drivers/CMSIS/Include -O0 -ffunction-sections -fdata-sections -Wall -fstack-usage -fcyclomatic-complexity -MMD -MP -MF"Core/Src/main.d" -MT"Core/Src/main.o" --specs=nano.specs -mfpu=fpv4-sp-d16 -mfloat-abi=hard -mthumb -o "Core/Src/main.o"
arm-none-eabi-gcc -o "000_GPIO_CM4.elf" @"objects.list"   -mcpu=cortex-m4 -T"D:\__GitHub\nucleoH745\STM32CubeIDE\000_GPIO\CM4\STM32H745ZITX_FLASH.ld" --specs=nosys.specs -Wl,-Map="000_GPIO_CM4.map" -Wl,--gc-sections -static --specs=nano.specs -mfpu=fpv4-sp-d16 -mfloat-abi=hard -mthumb -Wl,--start-group -lc -lm -Wl,--end-group
Finished building target: 000_GPIO_CM4.elf
 
arm-none-eabi-size   000_GPIO_CM4.elf 
arm-none-eabi-objdump -h -S  000_GPIO_CM4.elf  > "000_GPIO_CM4.list"
   text	   data	    bss	    dec	    hex	filename
   2668	     24	   1568	   4260	   10a4	000_GPIO_CM4.elf
Finished building: default.size.stdout
 
Finished building: 000_GPIO_CM4.list
 

22:03:36 Build Finished. 0 errors, 0 warnings. (took 597ms)

